Microchip MPLAB XC8 Compiler V1.30 ()

Linker command line:

--edf=/Applications/microchip/xc8/v1.30/dat/en_msgs.txt -cs \
  -h+dist/default/production/autowater.X.production.sym \
  --cmf=dist/default/production/autowater.X.production.cmf -z -Q12F1822 \
  -o/tmp/cgt6P8MGV -Mdist/default/production/autowater.X.production.map -E1 \
  -ver=XC8 -ASTACK=02057h-0206fh -pstack=STACK -ACONST=00h-0FFhx8 \
  -ACODE=00h-07FFh -ASTRCODE=00h-07FFh -AENTRY=00h-0FFhx8 \
  -ASTRING=00h-0FFhx8 -ACOMMON=070h-07Fh -ABANK0=020h-06Fh \
  -ABANK1=0A0h-0BFh -ABIGRAM=02000h-0206Fh -ARAM=020h-06Fh,0A0h-0BFh \
  -AABS1=020h-07Fh,0A0h-0BFh -ASFR0=00h-01Fh -ASFR1=080h-09Fh \
  -ASFR2=0100h-016Fh -ASFR3=0180h-01EFh -ASFR4=0200h-026Fh \
  -ASFR5=0280h-02EFh -ASFR6=0300h-036Fh -ASFR7=0380h-03EFh \
  -ASFR8=0400h-046Fh -ASFR9=0480h-04EFh -ASFR10=0500h-056Fh \
  -ASFR11=0580h-05EFh -ASFR12=0600h-066Fh -ASFR13=0680h-06EFh \
  -ASFR14=0700h-076Fh -ASFR15=0780h-07EFh -ASFR16=0800h-086Fh \
  -ASFR17=0880h-08EFh -ASFR18=0900h-096Fh -ASFR19=0980h-09EFh \
  -ASFR20=0A00h-0A6Fh -ASFR21=0A80h-0AEFh -ASFR22=0B00h-0B6Fh \
  -ASFR23=0B80h-0BEFh -ASFR24=0C00h-0C6Fh -ASFR25=0C80h-0CEFh \
  -ASFR26=0D00h-0D6Fh -ASFR27=0D80h-0DEFh -ASFR28=0E00h-0E6Fh \
  -ASFR29=0E80h-0EEFh -ASFR30=0F00h-0F6Fh -ASFR31=0F80h-0FEFh \
  -preset_vec=00h,intentry=04h,init,end_init -ppowerup=CODE -pcinit=CODE \
  -pfunctab=CODE -ACONFIG=08007h-08008h -pconfig=CONFIG -DCONFIG=2 \
  -AIDLOC=08000h-08003h -pidloc=IDLOC -DIDLOC=2 -AEEDATA=00h-0FFh/0F000h \
  -peeprom_data=EEDATA -DEEDATA=2 -DCODE=2 -DSTRCODE=2 -DSTRING=2 -DCONST=2 \
  -DENTRY=2 -k /tmp/cgtkU4ENQ.obj \
  dist/default/production/autowater.X.production.obj 

Object code version is 3.11

Machine type is 12F1822



                Name                               Link     Load   Length Selector   Space Scale
/tmp/cgtkU4ENQ.obj
                end_init                             26       26        1        8       0
                reset_vec                             0        0        1        0       0
                idloc                              8000     8000        4    10000       0
                config                             8007     8007        2    1000E       0
dist/default/production/autowater.X.production.obj
                cinit                                27       27       14        8       0
                intentry                              4        4       22        8       0
                text49                              7D1      7D1        E      4E2       0
                text48                              798      798        F      4E2       0
                text46                              7EC      7EC        D      4E2       0
                text45                              788      788       10      4E2       0
                text44                              1C6      1C6        B        8       0
                text43                              764      764       13      4E2       0
                text42                              5F7      5F7       20      4E2       0
                text41                              1DD      1DD        5        8       0
                text40                              595      595       22      4E2       0
                text39                              7DF      7DF        D      4E2       0
                text38                              544      544       2C      4E2       0
                text37                              4E5      4E5       32      4E2       0
                text36                              751      751       13      4E2       0
                text35                              7C3      7C3        E      4E2       0
                text34                              711      711       16      4E2       0
                text33                              5D7      5D7       20      4E2       0
                text32                              651      651       1D      4E2       0
                text31                              47B      47B       38      4E2       0
                text30                              5B7      5B7       20      4E2       0
                text29                               BF       BF       82        8       0
                text28                              443      443       38      4E2       0
                text27                              3CE      3CE       3B      4E2       0
                text26                              777      777       11      4E2       0
                text25                              73C      73C       15      4E2       0
                text24                              1E5      1E5        3        8       0
                text23                              66E      66E       1B      4E2       0
                text22                              4B3      4B3       32      4E2       0
                text21                              6FB      6FB       16      4E2       0
                text20                              7B5      7B5        E      4E2       0
                text19                              6E5      6E5       16      4E2       0
                text18                              389      389       45      4E2       0
                text17                              1BB      1BB        B        8       0
                text16                              7F9      7F9        7      4E2       0
                text15                              33A      33A       4F      4E2       0
                text14                              409      409       3A      4E2       0
                text13                               3B       3B       84        8       0
                text12                              2D8      2D8       62      4E2       0
                text11                              6B8      6B8       17      4E2       0
                text10                              634      634       1D      4E2       0
                text9                               727      727       15      4E2       0
                text8                               517      517       2D      4E2       0
                text7                               6CF      6CF       16      4E2       0
                text6                               570      570       25      4E2       0
                text5                               689      689       18      4E2       0
                text4                               271      271       67      4E2       0
                text3                               617      617       1D      4E2       0
                text2                               6A1      6A1       17      4E2       0
                text1                               141      141       7A        8       0
                maintext                            1E2      1E2        3        8       0
                cstackBANK0                          4A       4A       16       20       1
                cstackCOMMON                         70       70        A       70       1
                cstackBANK1                          A0       A0        7       A0       1
                inittext                            1D7      1D7        6        8       0
                clrtext                             1D1      1D1        6        8       0
                dataBANK0                            60       60        E       20       1
                bssBANK0                             20       20       2A       20       1
                bssCOMMON                            7A       7A        2       70       1
                nvBANK0                              6E       6E        1       20       1
                strings                             200      200       71      400       0
                idataBANK0                          7A7      7A7        E      4E2       0

TOTAL           Name                               Link     Load   Length     Space
        CLASS   STACK          

        CLASS   CONST          

        CLASS   CODE           
                end_init                             26       26        1         0
                cinit                                27       27       14         0
                intentry                              4        4       22         0
                reset_vec                             0        0        1         0
                text49                              7D1      7D1        E         0
                text48                              798      798        F         0
                text46                              7EC      7EC        D         0
                text45                              788      788       10         0
                text44                              1C6      1C6        B         0
                text43                              764      764       13         0
                text42                              5F7      5F7       20         0
                text41                              1DD      1DD        5         0
                text40                              595      595       22         0
                text39                              7DF      7DF        D         0
                text38                              544      544       2C         0
                text37                              4E5      4E5       32         0
                text36                              751      751       13         0
                text35                              7C3      7C3        E         0
                text34                              711      711       16         0
                text33                              5D7      5D7       20         0
                text32                              651      651       1D         0
                text31                              47B      47B       38         0
                text30                              5B7      5B7       20         0
                text29                               BF       BF       82         0
                text28                              443      443       38         0
                text27                              3CE      3CE       3B         0
                text26                              777      777       11         0
                text25                              73C      73C       15         0
                text24                              1E5      1E5        3         0
                text23                              66E      66E       1B         0
                text22                              4B3      4B3       32         0
                text21                              6FB      6FB       16         0
                text20                              7B5      7B5        E         0
                text19                              6E5      6E5       16         0
                text18                              389      389       45         0
                text17                              1BB      1BB        B         0
                text16                              7F9      7F9        7         0
                text15                              33A      33A       4F         0
                text14                              409      409       3A         0
                text13                               3B       3B       84         0
                text12                              2D8      2D8       62         0
                text11                              6B8      6B8       17         0
                text10                              634      634       1D         0
                text9                               727      727       15         0
                text8                               517      517       2D         0
                text7                               6CF      6CF       16         0
                text6                               570      570       25         0
                text5                               689      689       18         0
                text4                               271      271       67         0
                text3                               617      617       1D         0
                text2                               6A1      6A1       17         0
                text1                               141      141       7A         0
                maintext                            1E2      1E2        3         0
                inittext                            1D7      1D7        6         0
                clrtext                             1D1      1D1        6         0
                idataBANK0                          7A7      7A7        E         0

        CLASS   STRCODE        

        CLASS   ENTRY          

        CLASS   STRING         
                strings                             200      200       71         0

        CLASS   COMMON         
                cstackCOMMON                         70       70        A         1
                bssCOMMON                            7A       7A        2         1

        CLASS   BANK0          
                cstackBANK0                          4A       4A       16         1
                dataBANK0                            60       60        E         1
                bssBANK0                             20       20       2A         1
                nvBANK0                              6E       6E        1         1

        CLASS   BANK1          
                cstackBANK1                          A0       A0        7         1

        CLASS   BIGRAM         

        CLASS   RAM            

        CLASS   ABS1           
                abs_s1                               7E       7E        2         1

        CLASS   SFR0           

        CLASS   SFR1           

        CLASS   SFR2           

        CLASS   SFR3           

        CLASS   SFR4           

        CLASS   SFR5           

        CLASS   SFR6           

        CLASS   SFR7           

        CLASS   SFR8           

        CLASS   SFR9           

        CLASS   SFR10          

        CLASS   SFR11          

        CLASS   SFR12          

        CLASS   SFR13          

        CLASS   SFR14          

        CLASS   SFR15          

        CLASS   SFR16          

        CLASS   SFR17          

        CLASS   SFR18          

        CLASS   SFR19          

        CLASS   SFR20          

        CLASS   SFR21          

        CLASS   SFR22          

        CLASS   SFR23          

        CLASS   SFR24          

        CLASS   SFR25          

        CLASS   SFR26          

        CLASS   SFR27          

        CLASS   SFR28          

        CLASS   SFR29          

        CLASS   SFR30          

        CLASS   SFR31          

        CLASS   CONFIG         
                config                             8007     8007        2         0

        CLASS   IDLOC          
                idloc                              8000     8000        4         0

        CLASS   EEDATA         

        CLASS   BANK31         

        CLASS   BANK30         

        CLASS   BANK29         

        CLASS   BANK28         

        CLASS   BANK27         

        CLASS   BANK26         

        CLASS   BANK25         

        CLASS   BANK24         

        CLASS   BANK23         

        CLASS   BANK22         

        CLASS   BANK21         

        CLASS   BANK20         

        CLASS   BANK19         

        CLASS   BANK18         

        CLASS   BANK17         

        CLASS   BANK16         

        CLASS   BANK15         

        CLASS   BANK14         

        CLASS   BANK13         

        CLASS   BANK12         

        CLASS   BANK11         

        CLASS   BANK10         

        CLASS   BANK9          

        CLASS   BANK8          

        CLASS   BANK7          

        CLASS   BANK6          

        CLASS   BANK5          

        CLASS   BANK4          

        CLASS   BANK3          

        CLASS   BANK2          



SEGMENTS        Name                           Load    Length   Top    Selector   Space  Class     Delta

                reset_vec                      000000  000001  000001         0       0  CODE        2
                intentry                       000004  0001E4  0001E8         8       0  CODE        2
                bssBANK0                       000020  00004F  00006F        20       1  BANK0       1
                cstackCOMMON                   000070  00000C  00007C        70       1  COMMON      1
                cstackBANK1                    0000A0  000007  0000A7        A0       1  BANK1       1
                strings                        000200  000071  000271       400       0  STRING      2
                text4                          000271  00058F  000800       4E2       0  CODE        2
                idloc                          008000  000004  008004     10000       0  IDLOC       2
                config                         008007  000002  008009     1000E       0  CONFIG      2


UNUSED ADDRESS RANGES

        Name                Unused          Largest block    Delta
        BANK0            0006F-0006F               1           1
        BANK1            000A7-000BF              19           1
        BIGRAM           02000-0206F              70           1
        CODE             00001-00003               3           2
                         001E8-001FF              18
        COMMON           0007C-0007D               2           1
        CONST            00001-00003               3           2
                         001E8-001FF              18
        EEDATA           0F000-0F0FF             100           2
        ENTRY            00001-00003               3           2
                         001E8-001FF              18
        RAM              0006F-0006F               1           1
                         000A7-000BF              19
        SFR0             00000-0001F              20           1
        SFR1             00080-0009F              20           1
        SFR10            00500-0056F              70           1
        SFR11            00580-005EF              70           1
        SFR12            00600-0066F              70           1
        SFR13            00680-006EF              70           1
        SFR14            00700-0076F              70           1
        SFR15            00780-007EF              70           1
        SFR16            00800-0086F              70           1
        SFR17            00880-008EF              70           1
        SFR18            00900-0096F              70           1
        SFR19            00980-009EF              70           1
        SFR2             00100-0016F              70           1
        SFR20            00A00-00A6F              70           1
        SFR21            00A80-00AEF              70           1
        SFR22            00B00-00B6F              70           1
        SFR23            00B80-00BEF              70           1
        SFR24            00C00-00C6F              70           1
        SFR25            00C80-00CEF              70           1
        SFR26            00D00-00D6F              70           1
        SFR27            00D80-00DEF              70           1
        SFR28            00E00-00E6F              70           1
        SFR29            00E80-00EEF              70           1
        SFR3             00180-001EF              70           1
        SFR30            00F00-00F6F              70           1
        SFR31            00F80-00FEF              70           1
        SFR4             00200-0026F              70           1
        SFR5             00280-002EF              70           1
        SFR6             00300-0036F              70           1
        SFR7             00380-003EF              70           1
        SFR8             00400-0046F              70           1
        SFR9             00480-004EF              70           1
        STACK            02057-0206F              19           1
        STRCODE          00001-00003               3           2
                         001E8-001FF              18
        STRING           00001-00003               3           2
                         001E8-001FF              18

                                  Symbol Table

?___wmul                                    cstackCOMMON 00072
?_i2c_rstart                                cstackCOMMON 00074
?_i2c_start                                 cstackCOMMON 00074
_ANSELA                                     (abs)        0018C
_BCL1IE                                     (abs)        00493
_BCL1IF                                     (abs)        00093
_GIE                                        (abs)        0005F
_IOCAF                                      (abs)        00393
_IOCAN                                      (abs)        00392
_IOCIE                                      (abs)        0005B
_IOCIF                                      (abs)        00058
_OPTION_REG                                 (abs)        00095
_OSCCON                                     (abs)        00099
_PEIE                                       (abs)        0005E
_PORTA                                      (abs)        0000C
_RA0                                        (abs)        00060
_SSP1ADD                                    (abs)        00212
_SSP1BUF                                    (abs)        00211
_SSP1CON1                                   (abs)        00215
_SSP1CON2                                   (abs)        00216
_SSP1CON2bits                               (abs)        00216
_SSP1IE                                     (abs)        0048B
_SSP1IF                                     (abs)        0008B
_SSP1STAT                                   (abs)        00214
_T0IF                                       (abs)        0005A
_TMR0                                       (abs)        00015
_TMR0IE                                     (abs)        0005D
_TMR0IF                                     (abs)        0005A
_TRISA                                      (abs)        0008C
_WPUA                                       (abs)        0020C
__CFG_BOREN$NSLEEP                          (abs)        00000
__CFG_BORV$HI                               (abs)        00000
__CFG_CLKOUTEN$OFF                          (abs)        00000
__CFG_CP$OFF                                (abs)        00000
__CFG_CPD$OFF                               (abs)        00000
__CFG_FCMEN$OFF                             (abs)        00000
__CFG_FOSC$INTOSC                           (abs)        00000
__CFG_IESO$OFF                              (abs)        00000
__CFG_LVP$OFF                               (abs)        00000
__CFG_MCLRE$OFF                             (abs)        00000
__CFG_PLLEN$OFF                             (abs)        00000
__CFG_PWRTE$ON                              (abs)        00000
__CFG_STVREN$ON                             (abs)        00000
__CFG_WDTE$OFF                              (abs)        00000
__CFG_WRT$OFF                               (abs)        00000
__Habs1                                     abs1         00000
__Hbank0                                    bank0        00000
__Hbank1                                    bank1        00000
__Hbank10                                   bank10       00000
__Hbank11                                   bank11       00000
__Hbank12                                   bank12       00000
__Hbank13                                   bank13       00000
__Hbank14                                   bank14       00000
__Hbank15                                   bank15       00000
__Hbank16                                   bank16       00000
__Hbank17                                   bank17       00000
__Hbank18                                   bank18       00000
__Hbank19                                   bank19       00000
__Hbank2                                    bank2        00000
__Hbank20                                   bank20       00000
__Hbank21                                   bank21       00000
__Hbank22                                   bank22       00000
__Hbank23                                   bank23       00000
__Hbank24                                   bank24       00000
__Hbank25                                   bank25       00000
__Hbank26                                   bank26       00000
__Hbank27                                   bank27       00000
__Hbank28                                   bank28       00000
__Hbank29                                   bank29       00000
__Hbank3                                    bank3        00000
__Hbank30                                   bank30       00000
__Hbank31                                   bank31       00000
__Hbank4                                    bank4        00000
__Hbank5                                    bank5        00000
__Hbank6                                    bank6        00000
__Hbank7                                    bank7        00000
__Hbank8                                    bank8        00000
__Hbank9                                    bank9        00000
__Hbigram                                   bigram       00000
__HbssBANK0                                 bssBANK0     00000
__HbssCOMMON                                bssCOMMON    00000
__Hcinit                                    cinit        0003B
__Hclrtext                                  clrtext      00000
__Hcode                                     code         00000
__Hcommon                                   common       00000
__Hconfig                                   config       08009
__HcstackBANK0                              cstackBANK0  00000
__HcstackBANK1                              cstackBANK1  00000
__HcstackCOMMON                             cstackCOMMON 00000
__HdataBANK0                                dataBANK0    00000
__Heeprom_data                              eeprom_data  00000
__Hend_init                                 end_init     00027
__Hfunctab                                  functab      00000
__HidataBANK0                               idataBANK0   00000
__Hidloc                                    idloc        08004
__Hinit                                     init         00026
__Hinittext                                 inittext     00000
__Hintentry                                 intentry     00026
__Hmaintext                                 maintext     00000
__HnvBANK0                                  nvBANK0      00000
__Hpowerup                                  powerup      00000
__Hram                                      ram          00000
__Hreset_vec                                reset_vec    00001
__Hsfr0                                     sfr0         00000
__Hsfr1                                     sfr1         00000
__Hsfr10                                    sfr10        00000
__Hsfr11                                    sfr11        00000
__Hsfr12                                    sfr12        00000
__Hsfr13                                    sfr13        00000
__Hsfr14                                    sfr14        00000
__Hsfr15                                    sfr15        00000
__Hsfr16                                    sfr16        00000
__Hsfr17                                    sfr17        00000
__Hsfr18                                    sfr18        00000
__Hsfr19                                    sfr19        00000
__Hsfr2                                     sfr2         00000
__Hsfr20                                    sfr20        00000
__Hsfr21                                    sfr21        00000
__Hsfr22                                    sfr22        00000
__Hsfr23                                    sfr23        00000
__Hsfr24                                    sfr24        00000
__Hsfr25                                    sfr25        00000
__Hsfr26                                    sfr26        00000
__Hsfr27                                    sfr27        00000
__Hsfr28                                    sfr28        00000
__Hsfr29                                    sfr29        00000
__Hsfr3                                     sfr3         00000
__Hsfr30                                    sfr30        00000
__Hsfr31                                    sfr31        00000
__Hsfr4                                     sfr4         00000
__Hsfr5                                     sfr5         00000
__Hsfr6                                     sfr6         00000
__Hsfr7                                     sfr7         00000
__Hsfr8                                     sfr8         00000
__Hsfr9                                     sfr9         00000
__Hstack                                    stack        00000
__Hstrings                                  strings      00000
__Htext                                     text         00000
__Labs1                                     abs1         00000
__Lbank0                                    bank0        00000
__Lbank1                                    bank1        00000
__Lbank10                                   bank10       00000
__Lbank11                                   bank11       00000
__Lbank12                                   bank12       00000
__Lbank13                                   bank13       00000
__Lbank14                                   bank14       00000
__Lbank15                                   bank15       00000
__Lbank16                                   bank16       00000
__Lbank17                                   bank17       00000
__Lbank18                                   bank18       00000
__Lbank19                                   bank19       00000
__Lbank2                                    bank2        00000
__Lbank20                                   bank20       00000
__Lbank21                                   bank21       00000
__Lbank22                                   bank22       00000
__Lbank23                                   bank23       00000
__Lbank24                                   bank24       00000
__Lbank25                                   bank25       00000
__Lbank26                                   bank26       00000
__Lbank27                                   bank27       00000
__Lbank28                                   bank28       00000
__Lbank29                                   bank29       00000
__Lbank3                                    bank3        00000
__Lbank30                                   bank30       00000
__Lbank31                                   bank31       00000
__Lbank4                                    bank4        00000
__Lbank5                                    bank5        00000
__Lbank6                                    bank6        00000
__Lbank7                                    bank7        00000
__Lbank8                                    bank8        00000
__Lbank9                                    bank9        00000
__Lbigram                                   bigram       00000
__LbssBANK0                                 bssBANK0     00000
__LbssCOMMON                                bssCOMMON    00000
__Lcinit                                    cinit        00027
__Lclrtext                                  clrtext      00000
__Lcode                                     code         00000
__Lcommon                                   common       00000
__Lconfig                                   config       08007
__LcstackBANK0                              cstackBANK0  00000
__LcstackBANK1                              cstackBANK1  00000
__LcstackCOMMON                             cstackCOMMON 00000
__LdataBANK0                                dataBANK0    00000
__Leeprom_data                              eeprom_data  00000
__Lend_init                                 end_init     00026
__Lfunctab                                  functab      00000
__LidataBANK0                               idataBANK0   00000
__Lidloc                                    idloc        08000
__Linit                                     init         00026
__Linittext                                 inittext     00000
__Lintentry                                 intentry     00004
__Lmaintext                                 maintext     00000
__LnvBANK0                                  nvBANK0      00000
__Lpowerup                                  powerup      00000
__Lram                                      ram          00000
__Lreset_vec                                reset_vec    00000
__Lsfr0                                     sfr0         00000
__Lsfr1                                     sfr1         00000
__Lsfr10                                    sfr10        00000
__Lsfr11                                    sfr11        00000
__Lsfr12                                    sfr12        00000
__Lsfr13                                    sfr13        00000
__Lsfr14                                    sfr14        00000
__Lsfr15                                    sfr15        00000
__Lsfr16                                    sfr16        00000
__Lsfr17                                    sfr17        00000
__Lsfr18                                    sfr18        00000
__Lsfr19                                    sfr19        00000
__Lsfr2                                     sfr2         00000
__Lsfr20                                    sfr20        00000
__Lsfr21                                    sfr21        00000
__Lsfr22                                    sfr22        00000
__Lsfr23                                    sfr23        00000
__Lsfr24                                    sfr24        00000
__Lsfr25                                    sfr25        00000
__Lsfr26                                    sfr26        00000
__Lsfr27                                    sfr27        00000
__Lsfr28                                    sfr28        00000
__Lsfr29                                    sfr29        00000
__Lsfr3                                     sfr3         00000
__Lsfr30                                    sfr30        00000
__Lsfr31                                    sfr31        00000
__Lsfr4                                     sfr4         00000
__Lsfr5                                     sfr5         00000
__Lsfr6                                     sfr6         00000
__Lsfr7                                     sfr7         00000
__Lsfr8                                     sfr8         00000
__Lsfr9                                     sfr9         00000
__Lstack                                    stack        00000
__Lstrings                                  strings      00000
__Ltext                                     text         00000
__S0                                        (abs)        08009
__S1                                        (abs)        000A7
__S2                                        (abs)        00000
__S3                                        (abs)        00000
___bmul                                     text26       00777
___bmul@multiplicand                        cstackCOMMON 00072
___bmul@multiplier                          cstackCOMMON 00075
___bmul@product                             cstackCOMMON 00074
___int_sp                                   stack        00000
___latbits                                  (abs)        00000
___sp                                       stack        00000
___wmul                                     text32       00651
___wmul@multiplicand                        cstackCOMMON 00074
___wmul@multiplier                          cstackCOMMON 00072
___wmul@product                             cstackCOMMON 00076
__end_of___bmul                             text26       00788
__end_of___wmul                             text32       0066E
__end_of__initialization                    cinit        00039
__end_of__stringdata                        strings      00271
__end_of__stringtab                         strings      00201
__end_of_bcd2bin                            text5        006A1
__end_of_bin2bcd                            text31       004B3
__end_of_button_init                        text46       007F9
__end_of_button_proc_every_main_loop        text27       00409
__end_of_button_proc_every_timer_interrupt  text49       007DF
__end_of_choose_value                       text25       00751
__end_of_delay_1000ms                       text35       007D1
__end_of_display                            text23       00689
__end_of_i2c_check_idle                     text44       001D1
__end_of_i2c_init_master                    text45       00798
__end_of_i2c_interrupt                      text48       007A7
__end_of_i2c_receive                        text34       00727
__end_of_i2c_rstart                         text33       005F7
__end_of_i2c_send                           text43       00777
__end_of_i2c_start                          text42       00617
__end_of_i2c_stop                           text41       001E2
__end_of_init                               text28       0047B
__end_of_interrupt_func                     intentry     00026
__end_of_lcd_clear                          text39       007EC
__end_of_lcd_command                        text40       005B7
__end_of_lcd_hide_cursor                    text24       001E8
__end_of_lcd_init                           text38       00570
__end_of_lcd_puts                           text37       00517
__end_of_lcd_set_cursor                     text36       00764
__end_of_lcd_show_cursor                    text17       001C6
__end_of_loop                               text1        001BB
__end_of_main                               maintext     001E5
__end_of_make_alarm_str                     text21       00711
__end_of_make_pon_str                       text11       006CF
__end_of_press_proc_for_setting             text20       007C3
__end_of_press_proc_for_showing             text7        006E5
__end_of_rtc_init                           text29       00141
__end_of_rtc_read_time                      text4        002D8
__end_of_rtc_set_alarm                      text18       003CE
__end_of_rtc_set_time                       text14       00443
__end_of_rtc_start_alarm                    text19       006FB
__end_of_rtc_stop_alarm                     text9        0073C
__end_of_rtc_time_to_string                 text13       000BF
__end_of_send_datetime                      text30       005D7
__end_of_set_alarm_time                     text15       00389
__end_of_set_clock                          text12       0033A
__end_of_set_ctime                          text22       004E5
__end_of_set_pon_time                       text10       00651
__end_of_set_use_alarm                      text8        00544
__end_of_show_alarm                         text6        00595
__end_of_show_clock                         text3        00634
__end_of_show_cursor                        text16       00800
__end_of_show_pon_time                      text2        006B8
__end_ofrtc_read_time@mask                  strings      00207
__end_ofset_alarm_time@alarm_time_datas     strings      00241
__end_ofset_clock@clock_datas               strings      00237
__initialization                            cinit        00027
__pbssBANK0                                 bssBANK0     00020
__pbssCOMMON                                bssCOMMON    0007A
__pcstackBANK0                              cstackBANK0  0004A
__pcstackBANK1                              cstackBANK1  000A0
__pcstackCOMMON                             cstackCOMMON 00070
__pdataBANK0                                dataBANK0    00060
__pidataBANK0                               idataBANK0   007A7
__pintentry                                 intentry     00004
__pmaintext                                 maintext     001E2
__pnvBANK0                                  nvBANK0      0006E
__pstrings                                  strings      00200
__ptext1                                    text1        00141
__ptext10                                   text10       00634
__ptext11                                   text11       006B8
__ptext12                                   text12       002D8
__ptext13                                   text13       0003B
__ptext14                                   text14       00409
__ptext15                                   text15       0033A
__ptext16                                   text16       007F9
__ptext17                                   text17       001BB
__ptext18                                   text18       00389
__ptext19                                   text19       006E5
__ptext2                                    text2        006A1
__ptext20                                   text20       007B5
__ptext21                                   text21       006FB
__ptext22                                   text22       004B3
__ptext23                                   text23       0066E
__ptext24                                   text24       001E5
__ptext25                                   text25       0073C
__ptext26                                   text26       00777
__ptext27                                   text27       003CE
__ptext28                                   text28       00443
__ptext29                                   text29       000BF
__ptext3                                    text3        00617
__ptext30                                   text30       005B7
__ptext31                                   text31       0047B
__ptext32                                   text32       00651
__ptext33                                   text33       005D7
__ptext34                                   text34       00711
__ptext35                                   text35       007C3
__ptext36                                   text36       00751
__ptext37                                   text37       004E5
__ptext38                                   text38       00544
__ptext39                                   text39       007DF
__ptext4                                    text4        00271
__ptext40                                   text40       00595
__ptext41                                   text41       001DD
__ptext42                                   text42       005F7
__ptext43                                   text43       00764
__ptext44                                   text44       001C6
__ptext45                                   text45       00788
__ptext46                                   text46       007EC
__ptext48                                   text48       00798
__ptext49                                   text49       007D1
__ptext5                                    text5        00689
__ptext6                                    text6        00570
__ptext7                                    text7        006CF
__ptext8                                    text8        00517
__ptext9                                    text9        00727
__size_of___bmul                            (abs)        00000
__size_of___wmul                            (abs)        00000
__size_of_bcd2bin                           (abs)        00000
__size_of_bin2bcd                           (abs)        00000
__size_of_button_init                       (abs)        00000
__size_of_button_proc_every_main_loop       (abs)        00000
__size_of_button_proc_every_timer_interrupt (abs)        00000
__size_of_choose_value                      (abs)        00000
__size_of_delay_1000ms                      (abs)        00000
__size_of_display                           (abs)        00000
__size_of_i2c_check_idle                    (abs)        00000
__size_of_i2c_init_master                   (abs)        00000
__size_of_i2c_interrupt                     (abs)        00000
__size_of_i2c_receive                       (abs)        00000
__size_of_i2c_rstart                        (abs)        00000
__size_of_i2c_send                          (abs)        00000
__size_of_i2c_start                         (abs)        00000
__size_of_i2c_stop                          (abs)        00000
__size_of_init                              (abs)        00000
__size_of_interrupt_func                    (abs)        00000
__size_of_lcd_clear                         (abs)        00000
__size_of_lcd_command                       (abs)        00000
__size_of_lcd_hide_cursor                   (abs)        00000
__size_of_lcd_init                          (abs)        00000
__size_of_lcd_puts                          (abs)        00000
__size_of_lcd_set_cursor                    (abs)        00000
__size_of_lcd_show_cursor                   (abs)        00000
__size_of_loop                              (abs)        00000
__size_of_main                              (abs)        00000
__size_of_make_alarm_str                    (abs)        00000
__size_of_make_pon_str                      (abs)        00000
__size_of_press_proc_for_setting            (abs)        00000
__size_of_press_proc_for_showing            (abs)        00000
__size_of_rtc_init                          (abs)        00000
__size_of_rtc_read_time                     (abs)        00000
__size_of_rtc_set_alarm                     (abs)        00000
__size_of_rtc_set_time                      (abs)        00000
__size_of_rtc_start_alarm                   (abs)        00000
__size_of_rtc_stop_alarm                    (abs)        00000
__size_of_rtc_time_to_string                (abs)        00000
__size_of_send_datetime                     (abs)        00000
__size_of_set_alarm_time                    (abs)        00000
__size_of_set_clock                         (abs)        00000
__size_of_set_ctime                         (abs)        00000
__size_of_set_pon_time                      (abs)        00000
__size_of_set_use_alarm                     (abs)        00000
__size_of_show_alarm                        (abs)        00000
__size_of_show_clock                        (abs)        00000
__size_of_show_cursor                       (abs)        00000
__size_of_show_pon_time                     (abs)        00000
__stringdata                                strings      00241
__stringtab                                 strings      00200
_ack_flag                                   bssBANK0     00020
_alarm_time                                 bssBANK0     00048
_bcd2bin                                    text5        00689
_bin2bcd                                    text31       0047B
_buf                                        bssBANK0     0002F
_button_idle_timer                          bssBANK0     00022
_button_init                                text46       007EC
_button_keep_long_pressed_state             bssCOMMON    0007A
_button_long_pressed_state                  bssBANK0     00026
_button_mask                                nvBANK0      0006E
_button_pressed_state                       bssBANK0     00027
_button_proc_every_main_loop                text27       003CE
_button_proc_every_timer_interrupt          text49       007D1
_button_state                               bssCOMMON    0007B
_button_timer                               bssBANK0     00028
_button_upped_state                         bssBANK0     00029
_choose_value                               text25       0073C
_current_time                               bssBANK0     00041
_delay_1000ms                               text35       007C3
_display                                    text23       0066E
_i2c_check_idle                             text44       001C6
_i2c_init_master                            text45       00788
_i2c_interrupt                              text48       00798
_i2c_receive                                text34       00711
_i2c_rstart                                 text33       005D7
_i2c_send                                   text43       00764
_i2c_start                                  text42       005F7
_i2c_stop                                   text41       001DD
_init                                       text28       00443
_interrupt_func                             intentry     00004
_interrupted_alarm                          bssBANK0     0002A
_lcd_clear                                  text39       007DF
_lcd_command                                text40       00595
_lcd_hide_cursor                            text24       001E5
_lcd_init                                   text38       00544
_lcd_puts                                   text37       004E5
_lcd_set_cursor                             text36       00751
_lcd_show_cursor                            text17       001BB
_loop                                       text1        00141
_main                                       maintext     001E2
_make_alarm_str                             text21       006FB
_make_pon_str                               text11       006B8
_mode                                       bssBANK0     0002B
_on_off_str                                 dataBANK0    0006B
_poweron_remain                             bssBANK0     00024
_poweron_time                               dataBANK0    0006D
_press_proc_for_setting                     text20       007B5
_press_proc_for_showing                     text7        006CF
_rtc_ctrl2                                  bssBANK0     0002C
_rtc_init                                   text29       000BF
_rtc_read_time                              text4        00271
_rtc_set_alarm                              text18       00389
_rtc_set_time                               text14       00409
_rtc_start_alarm                            text19       006E5
_rtc_stop_alarm                             text9        00727
_rtc_time_to_string                         text13       0003B
_send_datetime                              text30       005B7
_set_alarm_time                             text15       0033A
_set_clock                                  text12       002D8
_set_ctime                                  text22       004B3
_set_pon_time                               text10       00634
_set_use_alarm                              text8        00517
_setting_value                              bssBANK0     0002D
_show_alarm                                 text6        00570
_show_clock                                 text3        00617
_show_cursor                                text16       007F9
_show_pon_time                              text2        006A1
_use_alarm                                  bssBANK0     0002E
bcd2bin@a                                   cstackCOMMON 00075
bcd2bin@dt                                  cstackCOMMON 00074
bin2bcd@a                                   cstackBANK0  00051
bin2bcd@b                                   cstackBANK0  0004F
bin2bcd@num                                 cstackBANK0  00050
bin2bcd@s                                   cstackBANK0  0004D
btemp                                       (abs)        0007E
button_init@mask                            cstackCOMMON 00073
button_proc_every_main_loop@button_port     cstackCOMMON 00073
button_proc_every_main_loop@last_state      cstackCOMMON 00074
button_proc_every_main_loop@xor_state       cstackCOMMON 00075
choose_value@max                            cstackCOMMON 00072
choose_value@min                            cstackCOMMON 00074
clear_ram0                                  clrtext      001D1
display@first_line                          cstackBANK0  00054
display@second_line                         cstackBANK0  00056
end_of_initialization                       cinit        00039
i2c_check_idle@mask                         cstackCOMMON 00073
i2c_receive@ack                             cstackCOMMON 00074
i2c_receive@dt                              cstackCOMMON 00077
i2c_rstart@adrs                             cstackCOMMON 00074
i2c_rstart@rw                               cstackCOMMON 00076
i2c_send@dt                                 cstackCOMMON 00074
i2c_start@adrs                              cstackCOMMON 00074
i2c_start@rw                                cstackCOMMON 00076
init@F2690                                  dataBANK0    00060
init@start_clock                            cstackBANK1  000A0
init_ram                                    inittext     001D7
intlevel0                                   functab      00000
intlevel1                                   functab      00000
intlevel2                                   functab      00000
intlevel3                                   functab      00000
intlevel4                                   functab      00000
intlevel5                                   functab      00000
lcd_command@c                               cstackBANK0  0004B
lcd_command@ret                             cstackBANK0  0004C
lcd_puts@ret                                cstackBANK0  0004D
lcd_puts@s                                  cstackBANK0  0004A
lcd_set_cursor@F2223                        dataBANK0    00067
lcd_set_cursor@col                          cstackBANK0  00053
lcd_set_cursor@row                          cstackBANK0  0004E
lcd_set_cursor@row_offsets                  cstackBANK0  0004F
lcd_show_cursor@col                         cstackBANK0  00056
lcd_show_cursor@row                         cstackBANK0  00054
ltemp                                       (abs)        0007E
ltemp0                                      (abs)        0007E
ltemp1                                      (abs)        00082
ltemp2                                      (abs)        00086
ltemp3                                      (abs)        00080
press_proc_for_setting@next_mode            cstackBANK0  00052
press_proc_for_setting@next_value           cstackBANK0  00050
press_proc_for_showing@next_mode            cstackBANK0  00053
press_proc_for_showing@next_set_mode        cstackBANK0  00050
press_proc_for_showing@value                cstackBANK0  00051
reset_vec                                   reset_vec    00000
rtc_init@reg1                               cstackBANK0  00056
rtc_init@reg2                               cstackBANK0  00057
rtc_init@ret                                cstackBANK0  00059
rtc_init@tm                                 cstackBANK0  00058
rtc_read_time@i                             cstackBANK0  0004F
rtc_read_time@mask                          strings      00201
rtc_read_time@ret                           cstackBANK0  0004C
rtc_read_time@tm                            cstackBANK0  0004E
rtc_set_alarm@i                             cstackBANK0  00053
rtc_set_alarm@tm                            cstackBANK0  00055
rtc_set_time@ret                            cstackBANK0  00055
rtc_set_time@tm                             cstackBANK0  00057
rtc_time_to_string@buf                      cstackBANK0  00059
rtc_time_to_string@c                        cstackBANK0  00055
rtc_time_to_string@tm                       cstackBANK0  00058
send_datetime@i                             cstackBANK0  00053
send_datetime@tm                            cstackBANK0  00052
set_alarm_time@ad                           cstackBANK0  0005B
set_alarm_time@alarm_time_datas             strings      00237
set_alarm_time@set_pos                      cstackBANK0  0005A
set_clock@cd                                cstackBANK0  0005D
set_clock@clock_datas                       strings      00207
set_clock@set_pos                           cstackBANK0  0005C
set_ctime@out                               cstackBANK0  00053
set_ctime@prefix                            cstackBANK0  00052
set_ctime@tm                                cstackBANK0  00054
show_alarm@pt                               cstackBANK0  0005A
show_cursor@cursor_pos                      cstackBANK0  00057
stackhi                                     (abs)        0206F
stacklo                                     (abs)        02057
start                                       init         00026
start_initialization                        cinit        00027
ttemp                                       (abs)        0007E
ttemp0                                      (abs)        0007E
ttemp1                                      (abs)        00081
ttemp2                                      (abs)        00084
ttemp3                                      (abs)        00087
ttemp4                                      (abs)        0007F
wtemp                                       (abs)        0007E
wtemp0                                      (abs)        0007E
wtemp1                                      (abs)        00080
wtemp2                                      (abs)        00082
wtemp3                                      (abs)        00084
wtemp4                                      (abs)        00086
wtemp5                                      (abs)        00088
wtemp6                                      (abs)        0007F


FUNCTION INFORMATION:

 *************** function _main *****************
 Defined at:
		line 271 in file "main.c"
 Parameters:    Size  Location     Type
		None
 Auto vars:     Size  Location     Type
		None
 Return value:  Size  Location     Type
		None               void
 Registers used:
		wreg, fsr0l, fsr0h, fsr1l, fsr1h, fsr1l, fsr1h, status,2, status,0, btemp+1, pclath, cstack
 Tracked objects:
		On entry : 
		On exit  : 
		Unchanged: 
 Data sizes:     COMMON   BANK0   BANK1
      Params:         0       0       0
      Locals:         0       0       0
      Temps:          0       0       0
      Totals:         0       0       0
Total ram usage:        0 bytes
 Hardware stack levels required when called:   10
 This function calls:
		_init
		_loop
 This function is called by:
		Startup code after reset
 This function uses a non-reentrant model


 *************** function _loop *****************
 Defined at:
		line 219 in file "main.c"
 Parameters:    Size  Location     Type
		None
 Auto vars:     Size  Location     Type
		None
 Return value:  Size  Location     Type
		None               void
 Registers used:
		wreg, fsr0l, fsr0h, fsr1l, fsr1h, fsr1l, fsr1h, status,2, status,0, btemp+1, pclath, cstack
 Tracked objects:
		On entry : 
		On exit  : 
		Unchanged: 
 Data sizes:     COMMON   BANK0   BANK1
      Params:         0       0       0
      Locals:         0       0       0
      Temps:          0       2       0
      Totals:         0       2       0
Total ram usage:        2 bytes
 Hardware stack levels used:    1
 Hardware stack levels required when called:    9
 This function calls:
		___wmul
		_button_proc_every_main_loop
		_lcd_clear
		_rtc_start_alarm
		_set_alarm_time
		_set_clock
		_set_pon_time
		_set_use_alarm
		_show_alarm
		_show_clock
		_show_pon_time
 This function is called by:
		_main
 This function uses a non-reentrant model


 *************** function _show_pon_time *****************
 Defined at:
		line 436 in file "main.c"
 Parameters:    Size  Location     Type
		None
 Auto vars:     Size  Location     Type
		None
 Return value:  Size  Location     Type
		None               void
 Registers used:
		wreg, fsr0l, fsr0h, fsr1l, fsr1h, fsr1l, fsr1h, status,2, status,0, btemp+1, pclath, cstack
 Tracked objects:
		On entry : 
		On exit  : 
		Unchanged: 
 Data sizes:     COMMON   BANK0   BANK1
      Params:         0       0       0
      Locals:         0       0       0
      Temps:          0       2       0
      Totals:         0       2       0
Total ram usage:        2 bytes
 Hardware stack levels used:    1
 Hardware stack levels required when called:    7
 This function calls:
		_display
		_make_pon_str
		_press_proc_for_showing
 This function is called by:
		_loop
 This function uses a non-reentrant model


 *************** function _show_clock *****************
 Defined at:
		line 308 in file "main.c"
 Parameters:    Size  Location     Type
		None
 Auto vars:     Size  Location     Type
		None
 Return value:  Size  Location     Type
		None               void
 Registers used:
		wreg, fsr0l, fsr0h, fsr1l, fsr1h, fsr1l, fsr1h, status,2, status,0, btemp+1, pclath, cstack
 Tracked objects:
		On entry : 
		On exit  : 
		Unchanged: 
 Data sizes:     COMMON   BANK0   BANK1
      Params:         0       0       0
      Locals:         0       0       0
      Temps:          0       1       0
      Totals:         0       1       0
Total ram usage:        1 bytes
 Hardware stack levels used:    1
 Hardware stack levels required when called:    7
 This function calls:
		_display
		_press_proc_for_showing
		_rtc_read_time
		_rtc_time_to_string
 This function is called by:
		_loop
 This function uses a non-reentrant model


 *************** function _rtc_read_time *****************
 Defined at:
		line 272 in file "rtc_8564nb.c"
 Parameters:    Size  Location     Type
  tm              1    wreg     PTR unsigned char 
		 -> current_time(7), 
 Auto vars:     Size  Location     Type
  tm              1    4[BANK0 ] PTR unsigned char 
		 -> current_time(7), 
  i               2    5[BANK0 ] int 
  ret             2    2[BANK0 ] int 
 Return value:  Size  Location     Type
                  2  224[COMMON] int 
 Registers used:
		wreg, fsr1l, fsr1h, status,2, status,0, btemp+1, pclath, cstack
 Tracked objects:
		On entry : 
		On exit  : 
		Unchanged: 
 Data sizes:     COMMON   BANK0   BANK1
      Params:         0       0       0
      Locals:         0       5       0
      Temps:          0       2       0
      Totals:         0       7       0
Total ram usage:        7 bytes
 Hardware stack levels used:    1
 Hardware stack levels required when called:    4
 This function calls:
		_bcd2bin
		_i2c_receive
		_i2c_rstart
		_i2c_send
		_i2c_start
		_i2c_stop
 This function is called by:
		_show_clock
 This function uses a non-reentrant model


 *************** function _bcd2bin *****************
 Defined at:
		line 51 in file "rtc_8564nb.c"
 Parameters:    Size  Location     Type
  dt              1    wreg     unsigned char 
 Auto vars:     Size  Location     Type
  dt              1    4[COMMON] unsigned char 
  a               1    5[COMMON] unsigned char 
 Return value:  Size  Location     Type
                  1    wreg      unsigned char 
 Registers used:
		wreg, status,2, status,0
 Tracked objects:
		On entry : 
		On exit  : 
		Unchanged: 
 Data sizes:     COMMON   BANK0   BANK1
      Params:         0       0       0
      Locals:         2       0       0
      Temps:          2       0       0
      Totals:         4       0       0
Total ram usage:        4 bytes
 Hardware stack levels used:    1
 Hardware stack levels required when called:    2
 This function calls:
		Nothing
 This function is called by:
		_rtc_read_time
 This function uses a non-reentrant model


 *************** function _show_alarm *****************
 Defined at:
		line 378 in file "main.c"
 Parameters:    Size  Location     Type
		None
 Auto vars:     Size  Location     Type
  pt              2   16[BANK0 ] PTR unsigned char 
		 -> buf(18), STR_2(4), STR_1(4), 
 Return value:  Size  Location     Type
		None               void
 Registers used:
		wreg, fsr0l, fsr0h, fsr1l, fsr1h, fsr1l, fsr1h, status,2, status,0, btemp+1, pclath, cstack
 Tracked objects:
		On entry : 
		On exit  : 
		Unchanged: 
 Data sizes:     COMMON   BANK0   BANK1
      Params:         0       0       0
      Locals:         0       2       0
      Temps:          0       2       0
      Totals:         0       4       0
Total ram usage:        4 bytes
 Hardware stack levels used:    1
 Hardware stack levels required when called:    7
 This function calls:
		_display
		_make_alarm_str
		_press_proc_for_showing
 This function is called by:
		_loop
 This function uses a non-reentrant model


 *************** function _press_proc_for_showing *****************
 Defined at:
		line 281 in file "main.c"
 Parameters:    Size  Location     Type
  next_mode       1    wreg     unsigned char 
  next_set_mod    1    6[BANK0 ] unsigned char 
  value           1    7[BANK0 ] unsigned char 
 Auto vars:     Size  Location     Type
  next_mode       1    9[BANK0 ] unsigned char 
 Return value:  Size  Location     Type
		None               void
 Registers used:
		wreg, status,2, status,0, pclath, cstack
 Tracked objects:
		On entry : 
		On exit  : 
		Unchanged: 
 Data sizes:     COMMON   BANK0   BANK1
      Params:         0       2       0
      Locals:         0       1       0
      Temps:          0       1       0
      Totals:         0       4       0
Total ram usage:        4 bytes
 Hardware stack levels used:    1
 Hardware stack levels required when called:    6
 This function calls:
		_lcd_clear
 This function is called by:
		_show_clock
		_show_alarm
		_show_pon_time
 This function uses a non-reentrant model


 *************** function _set_use_alarm *****************
 Defined at:
		line 398 in file "main.c"
 Parameters:    Size  Location     Type
		None
 Auto vars:     Size  Location     Type
		None
 Return value:  Size  Location     Type
		None               void
 Registers used:
		wreg, fsr0l, fsr0h, fsr1l, fsr1h, status,2, status,0, pclath, cstack
 Tracked objects:
		On entry : 
		On exit  : 
		Unchanged: 
 Data sizes:     COMMON   BANK0   BANK1
      Params:         0       0       0
      Locals:         0       0       0
      Temps:          0       1       0
      Totals:         0       1       0
Total ram usage:        1 bytes
 Hardware stack levels used:    1
 Hardware stack levels required when called:    8
 This function calls:
		_choose_value
		_display
		_lcd_clear
		_rtc_stop_alarm
		_show_cursor
 This function is called by:
		_loop
 This function uses a non-reentrant model


 *************** function _rtc_stop_alarm *****************
 Defined at:
		line 421 in file "rtc_8564nb.c"
 Parameters:    Size  Location     Type
		None
 Auto vars:     Size  Location     Type
		None
 Return value:  Size  Location     Type
		None               void
 Registers used:
		wreg, status,2, status,0, pclath, cstack
 Tracked objects:
		On entry : 
		On exit  : 
		Unchanged: 
 Data sizes:     COMMON   BANK0   BANK1
      Params:         0       0       0
      Locals:         0       0       0
      Temps:          0       1       0
      Totals:         0       1       0
Total ram usage:        1 bytes
 Hardware stack levels used:    1
 Hardware stack levels required when called:    4
 This function calls:
		_i2c_send
		_i2c_start
		_i2c_stop
 This function is called by:
		_set_use_alarm
 This function uses a non-reentrant model


 *************** function _set_pon_time *****************
 Defined at:
		line 443 in file "main.c"
 Parameters:    Size  Location     Type
		None
 Auto vars:     Size  Location     Type
		None
 Return value:  Size  Location     Type
		None               void
 Registers used:
		wreg, fsr0l, fsr0h, fsr1l, fsr1h, fsr1l, fsr1h, status,2, status,0, btemp+1, pclath, cstack
 Tracked objects:
		On entry : 
		On exit  : 
		Unchanged: 
 Data sizes:     COMMON   BANK0   BANK1
      Params:         0       0       0
      Locals:         0       0       0
      Temps:          0       2       0
      Totals:         0       2       0
Total ram usage:        2 bytes
 Hardware stack levels used:    1
 Hardware stack levels required when called:    8
 This function calls:
		_choose_value
		_display
		_make_pon_str
		_press_proc_for_setting
		_show_cursor
 This function is called by:
		_loop
 This function uses a non-reentrant model


 *************** function _make_pon_str *****************
 Defined at:
		line 452 in file "main.c"
 Parameters:    Size  Location     Type
		None
 Auto vars:     Size  Location     Type
		None
 Return value:  Size  Location     Type
		None               void
 Registers used:
		wreg, fsr1l, fsr1h, status,2, status,0, pclath, cstack
 Tracked objects:
		On entry : 
		On exit  : 
		Unchanged: 
 Data sizes:     COMMON   BANK0   BANK1
      Params:         0       0       0
      Locals:         0       0       0
      Temps:          0       1       0
      Totals:         0       1       0
Total ram usage:        1 bytes
 Hardware stack levels used:    1
 Hardware stack levels required when called:    5
 This function calls:
		_set_ctime
 This function is called by:
		_show_pon_time
		_set_pon_time
 This function uses a non-reentrant model


 *************** function _set_clock *****************
 Defined at:
		line 349 in file "main.c"
 Parameters:    Size  Location     Type
  set_pos         1    wreg     unsigned char 
 Auto vars:     Size  Location     Type
  set_pos         1   18[BANK0 ] unsigned char 
  cd              1   19[BANK0 ] PTR const struct .
		 -> set_clock@clock_datas(48), 
 Return value:  Size  Location     Type
		None               void
 Registers used:
		wreg, fsr0l, fsr0h, fsr1l, fsr1h, fsr1l, fsr1h, status,2, status,0, btemp+1, pclath, cstack
 Tracked objects:
		On entry : 
		On exit  : 
		Unchanged: 
 Data sizes:     COMMON   BANK0   BANK1
      Params:         0       0       0
      Locals:         0       2       0
      Temps:          0       2       0
      Totals:         0       4       0
Total ram usage:        4 bytes
 Hardware stack levels used:    1
 Hardware stack levels required when called:    8
 This function calls:
		_choose_value
		_display
		_press_proc_for_setting
		_rtc_set_time
		_rtc_time_to_string
		_show_cursor
 This function is called by:
		_loop
 This function uses a non-reentrant model


 *************** function _rtc_time_to_string *****************
 Defined at:
		line 299 in file "rtc_8564nb.c"
 Parameters:    Size  Location     Type
  tm              1    wreg     PTR unsigned char 
		 -> current_time(7), 
  c               1   11[BANK0 ] PTR unsigned char 
		 -> buf(18), 
 Auto vars:     Size  Location     Type
  tm              1   14[BANK0 ] PTR unsigned char 
		 -> current_time(7), 
  buf             1   15[BANK0 ] PTR unsigned char 
		 -> buf(18), 
 Return value:  Size  Location     Type
		None               void
 Registers used:
		wreg, fsr0l, fsr0h, fsr1l, fsr1h, fsr1l, fsr1h, status,2, status,0, btemp+1, pclath, cstack
 Tracked objects:
		On entry : 
		On exit  : 
		Unchanged: 
 Data sizes:     COMMON   BANK0   BANK1
      Params:         0       1       0
      Locals:         0       2       0
      Temps:          0       2       0
      Totals:         0       5       0
Total ram usage:        5 bytes
 Hardware stack levels used:    1
 Hardware stack levels required when called:    5
 This function calls:
		_set_ctime
 This function is called by:
		_show_clock
		_set_clock
 This function uses a non-reentrant model


 *************** function _rtc_set_time *****************
 Defined at:
		line 233 in file "rtc_8564nb.c"
 Parameters:    Size  Location     Type
  tm              1    wreg     PTR unsigned char 
		 -> current_time(7), 
 Auto vars:     Size  Location     Type
  tm              1   13[BANK0 ] PTR unsigned char 
		 -> current_time(7), 
  ret             2   11[BANK0 ] int 
 Return value:  Size  Location     Type
                  2  236[COMMON] int 
 Registers used:
		wreg, fsr1l, fsr1h, status,2, status,0, btemp+1, pclath, cstack
 Tracked objects:
		On entry : 
		On exit  : 
		Unchanged: 
 Data sizes:     COMMON   BANK0   BANK1
      Params:         0       0       0
      Locals:         0       3       0
      Temps:          0       0       0
      Totals:         0       3       0
Total ram usage:        3 bytes
 Hardware stack levels used:    1
 Hardware stack levels required when called:    5
 This function calls:
		_delay_1000ms
		_i2c_rstart
		_i2c_send
		_i2c_start
		_i2c_stop
		_send_datetime
 This function is called by:
		_set_clock
 This function uses a non-reentrant model


 *************** function _set_alarm_time *****************
 Defined at:
		line 414 in file "main.c"
 Parameters:    Size  Location     Type
  set_pos         1    wreg     unsigned char 
 Auto vars:     Size  Location     Type
  set_pos         1   16[BANK0 ] unsigned char 
  ad              1   17[BANK0 ] PTR const struct .
		 -> set_alarm_time@alarm_time_datas(10), 
 Return value:  Size  Location     Type
		None               void
 Registers used:
		wreg, fsr0l, fsr0h, fsr1l, fsr1h, fsr1l, fsr1h, status,2, status,0, btemp+1, pclath, cstack
 Tracked objects:
		On entry : 
		On exit  : 
		Unchanged: 
 Data sizes:     COMMON   BANK0   BANK1
      Params:         0       0       0
      Locals:         0       2       0
      Temps:          0       2       0
      Totals:         0       4       0
Total ram usage:        4 bytes
 Hardware stack levels used:    1
 Hardware stack levels required when called:    8
 This function calls:
		___bmul
		_choose_value
		_display
		_make_alarm_str
		_press_proc_for_setting
		_rtc_set_alarm
		_show_cursor
 This function is called by:
		_loop
 This function uses a non-reentrant model


 *************** function _show_cursor *****************
 Defined at:
		line 333 in file "main.c"
 Parameters:    Size  Location     Type
  cursor_pos      1    wreg     unsigned char 
 Auto vars:     Size  Location     Type
  cursor_pos      1   13[BANK0 ] unsigned char 
 Return value:  Size  Location     Type
		None               void
 Registers used:
		wreg, fsr1l, fsr1h, status,2, status,0, pclath, cstack
 Tracked objects:
		On entry : 
		On exit  : 
		Unchanged: 
 Data sizes:     COMMON   BANK0   BANK1
      Params:         0       0       0
      Locals:         0       1       0
      Temps:          0       0       0
      Totals:         0       1       0
Total ram usage:        1 bytes
 Hardware stack levels used:    1
 Hardware stack levels required when called:    7
 This function calls:
		_lcd_show_cursor
 This function is called by:
		_set_clock
		_set_use_alarm
		_set_alarm_time
		_set_pon_time
 This function uses a non-reentrant model


 *************** function _lcd_show_cursor *****************
 Defined at:
		line 101 in file "lcd_aqm0802a.c"
 Parameters:    Size  Location     Type
  col             1    wreg     unsigned char 
  row             1   10[BANK0 ] unsigned char 
 Auto vars:     Size  Location     Type
  col             1   12[BANK0 ] unsigned char 
 Return value:  Size  Location     Type
		None               void
 Registers used:
		wreg, fsr1l, fsr1h, status,2, status,0, pclath, cstack
 Tracked objects:
		On entry : 
		On exit  : 
		Unchanged: 
 Data sizes:     COMMON   BANK0   BANK1
      Params:         0       1       0
      Locals:         0       1       0
      Temps:          0       1       0
      Totals:         0       3       0
Total ram usage:        3 bytes
 Hardware stack levels used:    1
 Hardware stack levels required when called:    6
 This function calls:
		_lcd_command
		_lcd_set_cursor
 This function is called by:
		_show_cursor
 This function uses a non-reentrant model


 *************** function _rtc_set_alarm *****************
 Defined at:
		line 382 in file "rtc_8564nb.c"
 Parameters:    Size  Location     Type
  tm              1    wreg     PTR unsigned char 
		 -> alarm_time(2), 
 Auto vars:     Size  Location     Type
  tm              1   11[BANK0 ] PTR unsigned char 
		 -> alarm_time(2), 
  i               2    9[BANK0 ] int 
 Return value:  Size  Location     Type
		None               void
 Registers used:
		wreg, fsr1l, fsr1h, status,2, status,0, btemp+1, pclath, cstack
 Tracked objects:
		On entry : 
		On exit  : 
		Unchanged: 
 Data sizes:     COMMON   BANK0   BANK1
      Params:         0       0       0
      Locals:         0       3       0
      Temps:          0       1       0
      Totals:         0       4       0
Total ram usage:        4 bytes
 Hardware stack levels used:    1
 Hardware stack levels required when called:    5
 This function calls:
		_bin2bcd
		_i2c_send
		_i2c_start
		_rtc_start_alarm
 This function is called by:
		_set_alarm_time
 This function uses a non-reentrant model


 *************** function _rtc_start_alarm *****************
 Defined at:
		line 409 in file "rtc_8564nb.c"
 Parameters:    Size  Location     Type
		None
 Auto vars:     Size  Location     Type
		None
 Return value:  Size  Location     Type
		None               void
 Registers used:
		wreg, status,2, status,0, pclath, cstack
 Tracked objects:
		On entry : 
		On exit  : 
		Unchanged: 
 Data sizes:     COMMON   BANK0   BANK1
      Params:         0       0       0
      Locals:         0       0       0
      Temps:          0       1       0
      Totals:         0       1       0
Total ram usage:        1 bytes
 Hardware stack levels used:    1
 Hardware stack levels required when called:    4
 This function calls:
		_i2c_rstart
		_i2c_send
		_i2c_stop
 This function is called by:
		_loop
		_rtc_set_alarm
 This function uses a non-reentrant model


 *************** function _press_proc_for_setting *****************
 Defined at:
		line 296 in file "main.c"
 Parameters:    Size  Location     Type
  next_mode       1    wreg     unsigned char 
  next_value      1    6[BANK0 ] unsigned char 
 Auto vars:     Size  Location     Type
  next_mode       1    8[BANK0 ] unsigned char 
 Return value:  Size  Location     Type
		None               void
 Registers used:
		wreg, status,2, status,0, pclath, cstack
 Tracked objects:
		On entry : 
		On exit  : 
		Unchanged: 
 Data sizes:     COMMON   BANK0   BANK1
      Params:         0       1       0
      Locals:         0       1       0
      Temps:          0       1       0
      Totals:         0       3       0
Total ram usage:        3 bytes
 Hardware stack levels used:    1
 Hardware stack levels required when called:    6
 This function calls:
		_lcd_clear
 This function is called by:
		_set_clock
		_set_alarm_time
		_set_pon_time
 This function uses a non-reentrant model


 *************** function _make_alarm_str *****************
 Defined at:
		line 391 in file "main.c"
 Parameters:    Size  Location     Type
		None
 Auto vars:     Size  Location     Type
		None
 Return value:  Size  Location     Type
		None               void
 Registers used:
		wreg, fsr0l, fsr0h, fsr1l, fsr1h, fsr1l, fsr1h, status,2, status,0, btemp+1, pclath, cstack
 Tracked objects:
		On entry : 
		On exit  : 
		Unchanged: 
 Data sizes:     COMMON   BANK0   BANK1
      Params:         0       0       0
      Locals:         0       0       0
      Temps:          0       2       0
      Totals:         0       2       0
Total ram usage:        2 bytes
 Hardware stack levels used:    1
 Hardware stack levels required when called:    5
 This function calls:
		_set_ctime
 This function is called by:
		_show_alarm
		_set_alarm_time
 This function uses a non-reentrant model


 *************** function _set_ctime *****************
 Defined at:
		line 327 in file "rtc_8564nb.c"
 Parameters:    Size  Location     Type
  tm              1    wreg     unsigned char 
  prefix          1    8[BANK0 ] unsigned char 
  out             1    9[BANK0 ] PTR unsigned char 
		 -> buf(18), 
 Auto vars:     Size  Location     Type
  tm              1   10[BANK0 ] unsigned char 
 Return value:  Size  Location     Type
		None               void
 Registers used:
		wreg, fsr1l, fsr1h, status,2, status,0, pclath, cstack
 Tracked objects:
		On entry : 
		On exit  : 
		Unchanged: 
 Data sizes:     COMMON   BANK0   BANK1
      Params:         0       2       0
      Locals:         0       1       0
      Temps:          2       0       0
      Totals:         2       3       0
Total ram usage:        5 bytes
 Hardware stack levels used:    1
 Hardware stack levels required when called:    4
 This function calls:
		_bin2bcd
 This function is called by:
		_make_alarm_str
		_make_pon_str
		_rtc_time_to_string
 This function uses a non-reentrant model


[...]
  multiplier      2    2[COMMON] unsigned int 
  multiplicand    2    4[COMMON] unsigned int 
 Auto vars:     Size  Location     Type
  product         2    6[COMMON] unsigned int 
 Return value:  Size  Location     Type
                  2    2[COMMON] unsigned int 
 Registers used:
		wreg, status,2, status,0
 Tracked objects:
		On entry : 
		On exit  : 
		Unchanged: 
 Data sizes:     COMMON   BANK0   BANK1
      Params:         4       0       0
      Locals:         2       0       0
      Temps:          0       0       0
      Totals:         6       0       0
Total ram usage:        6 bytes
 Hardware stack levels used:    1
 Hardware stack levels required when called:    2
 This function calls:
		Nothing
 This function is called by:
		_loop
		_bin2bcd
 This function uses a non-reentrant model


 *************** function _i2c_rstart *****************
 Defined at:
		line 114 in file "i2c.c"
 Parameters:    Size  Location     Type
  adrs            2    4[COMMON] int 
  rw              2    6[COMMON] int 
 Auto vars:     Size  Location     Type
		None
 Return value:  Size  Location     Type
                  2    4[COMMON] int 
 Registers used:
		wreg, status,2, status,0, pclath, cstack
 Tracked objects:
		On entry : 
		On exit  : 
		Unchanged: 
 Data sizes:     COMMON   BANK0   BANK1
      Params:         4       0       0
      Locals:         0       0       0
      Temps:          2       0       0
      Totals:         6       0       0
Total ram usage:        6 bytes
 Hardware stack levels used:    1
 Hardware stack levels required when called:    3
 This function calls:
		_i2c_check_idle
 This function is called by:
		_rtc_init
		_rtc_set_time
		_rtc_read_time
		_rtc_start_alarm
		_rtc_start_repeated_timer
		_rtc_stop_repeated_timer
 This function uses a non-reentrant model


 *************** function _i2c_receive *****************
 Defined at:
		line 158 in file "i2c.c"
 Parameters:    Size  Location     Type
  ack             2    4[COMMON] int 
 Auto vars:     Size  Location     Type
  dt              1    7[COMMON] unsigned char 
 Return value:  Size  Location     Type
                  1    wreg      unsigned char 
 Registers used:
		wreg, status,2, status,0, pclath, cstack
 Tracked objects:
		On entry : 
		On exit  : 
		Unchanged: 
 Data sizes:     COMMON   BANK0   BANK1
      Params:         2       0       0
      Locals:         1       0       0
      Temps:          1       0       0
      Totals:         4       0       0
Total ram usage:        4 bytes
 Hardware stack levels used:    1
 Hardware stack levels required when called:    3
 This function calls:
		_i2c_check_idle
 This function is called by:
		_rtc_init
		_rtc_read_time
 This function uses a non-reentrant model


 *************** function _delay_1000ms *****************
 Defined at:
		line 86 in file "rtc_8564nb.c"
 Parameters:    Size  Location     Type
		None
 Auto vars:     Size  Location     Type
		None
 Return value:  Size  Location     Type
		None               void
 Registers used:
		wreg
 Tracked objects:
		On entry : 
		On exit  : 
		Unchanged: 
 Data sizes:     COMMON   BANK0   BANK1
      Params:         0       0       0
      Locals:         0       0       0
      Temps:          3       0       0
      Totals:         3       0       0
Total ram usage:        3 bytes
 Hardware stack levels used:    1
 Hardware stack levels required when called:    2
 This function calls:
		Nothing
 This function is called by:
		_rtc_init
		_rtc_set_time
 This function uses a non-reentrant model


 *************** function _lcd_set_cursor *****************
 Defined at:
		line 89 in file "lcd_aqm0802a.c"
 Parameters:    Size  Location     Type
  col             1    wreg     unsigned char 
  row             1    4[BANK0 ] unsigned char 
 Auto vars:     Size  Location     Type
  col             1    9[BANK0 ] unsigned char 
  row_offsets     4    5[BANK0 ] int [2]
 Return value:  Size  Location     Type
		None               void
 Registers used:
		wreg, fsr1l, fsr1h, status,2, status,0, pclath, cstack
 Tracked objects:
		On entry : 
		On exit  : 
		Unchanged: 
 Data sizes:     COMMON   BANK0   BANK1
      Params:         0       1       0
      Locals:         0       5       0
      Temps:          0       0       0
      Totals:         0       6       0
Total ram usage:        6 bytes
 Hardware stack levels used:    1
 Hardware stack levels required when called:    5
 This function calls:
		_lcd_command
 This function is called by:
		_lcd_show_cursor
		_init
		_display
 This function uses a non-reentrant model


 *************** function _lcd_puts *****************
 Defined at:
		line 138 in file "lcd_aqm0802a.c"
 Parameters:    Size  Location     Type
  s               2    0[BANK0 ] PTR const unsigned char 
		 -> STR_14(5), STR_13(4), STR_12(7), STR_11(7), 
		 -> STR_10(6), STR_9(6), STR_8(6), STR_7(6), 
		 -> STR_6(6), STR_5(6), STR_4(6), buf(18), 
		 -> STR_3(6), STR_2(4), STR_1(4), 
 Auto vars:     Size  Location     Type
  ret             2    3[BANK0 ] int 
 Return value:  Size  Location     Type
		None               void
 Registers used:
		wreg, fsr0l, fsr0h, status,2, status,0, pclath, cstack
 Tracked objects:
		On entry : 
		On exit  : 
		Unchanged: 
 Data sizes:     COMMON   BANK0   BANK1
      Params:         0       2       0
      Locals:         0       2       0
      Temps:          0       1       0
      Totals:         0       5       0
Total ram usage:        5 bytes
 Hardware stack levels used:    1
 Hardware stack levels required when called:    4
 This function calls:
		_i2c_send
		_i2c_start
		_i2c_stop
 This function is called by:
		_init
		_display
 This function uses a non-reentrant model


 *************** function _lcd_init *****************
 Defined at:
		line 56 in file "lcd_aqm0802a.c"
 Parameters:    Size  Location     Type
		None
 Auto vars:     Size  Location     Type
		None
 Return value:  Size  Location     Type
		None               void
 Registers used:
		wreg, status,2, status,0, pclath, cstack
 Tracked objects:
		On entry : 
		On exit  : 
		Unchanged: 
 Data sizes:     COMMON   BANK0   BANK1
      Params:         0       0       0
      Locals:         0       0       0
      Temps:          0       3       0
      Totals:         0       3       0
Total ram usage:        3 bytes
 Hardware stack levels used:    1
 Hardware stack levels required when called:    6
 This function calls:
		_i2c_init_master
		_lcd_clear
		_lcd_command
 This function is called by:
		_init
 This function uses a non-reentrant model


 *************** function _lcd_clear *****************
 Defined at:
		line 77 in file "lcd_aqm0802a.c"
 Parameters:    Size  Location     Type
		None
 Auto vars:     Size  Location     Type
		None
 Return value:  Size  Location     Type
		None               void
 Registers used:
		wreg, status,2, status,0, pclath, cstack
 Tracked objects:
		On entry : 
		On exit  : 
		Unchanged: 
 Data sizes:     COMMON   BANK0   BANK1
      Params:         0       0       0
      Locals:         0       0       0
      Temps:          0       2       0
      Totals:         0       2       0
Total ram usage:        2 bytes
 Hardware stack levels used:    1
 Hardware stack levels required when called:    5
 This function calls:
		_lcd_command
 This function is called by:
		_lcd_init
		_loop
		_press_proc_for_showing
		_press_proc_for_setting
		_set_use_alarm
 This function uses a non-reentrant model


 *************** function _lcd_command *****************
 Defined at:
		line 40 in file "lcd_aqm0802a.c"
 Parameters:    Size  Location     Type
  c               1    wreg     unsigned char 
 Auto vars:     Size  Location     Type
  c               1    1[BANK0 ] unsigned char 
  ret             2    2[BANK0 ] int 
 Return value:  Size  Location     Type
		None               void
 Registers used:
		wreg, status,2, status,0, pclath, cstack
 Tracked objects:
		On entry : 
		On exit  : 
		Unchanged: 
 Data sizes:     COMMON   BANK0   BANK1
      Params:         0       0       0
      Locals:         0       3       0
      Temps:          0       1       0
      Totals:         0       4       0
Total ram usage:        4 bytes
 Hardware stack levels used:    1
 Hardware stack levels required when called:    4
 This function calls:
		_i2c_send
		_i2c_start
		_i2c_stop
 This function is called by:
		_lcd_init
		_lcd_clear
		_lcd_set_cursor
		_lcd_show_cursor
		_lcd_hide_cursor
 This function uses a non-reentrant model


 *************** function _i2c_stop *****************
 Defined at:
		line 131 in file "i2c.c"
 Parameters:    Size  Location     Type
		None
 Auto vars:     Size  Location     Type
		None
 Return value:  Size  Location     Type
		None               void
 Registers used:
		wreg, status,2, status,0, pclath, cstack
 Tracked objects:
		On entry : 
		On exit  : 
		Unchanged: 
 Data sizes:     COMMON   BANK0   BANK1
      Params:         0       0       0
      Locals:         0       0       0
      Temps:          0       0       0
      Totals:         0       0       0
Total ram usage:        0 bytes
 Hardware stack levels used:    1
 Hardware stack levels required when called:    3
 This function calls:
		_i2c_check_idle
 This function is called by:
		_lcd_command
		_lcd_puts
		_rtc_init
		_rtc_set_time
		_rtc_read_time
		_rtc_start_alarm
		_rtc_stop_alarm
		_lcd_putc
		_lcd_create_char
		_rtc_start_repeated_timer
		_rtc_stop_repeated_timer
		_rtc_clear_alarm
 This function uses a non-reentrant model


 *************** function _i2c_start *****************
 Defined at:
		line 93 in file "i2c.c"
 Parameters:    Size  Location     Type
  adrs            2    4[COMMON] int 
  rw              2    6[COMMON] int 
 Auto vars:     Size  Location     Type
		None
 Return value:  Size  Location     Type
                  2    4[COMMON] int 
 Registers used:
		wreg, status,2, status,0, pclath, cstack
 Tracked objects:
		On entry : 
		On exit  : 
		Unchanged: 
 Data sizes:     COMMON   BANK0   BANK1
      Params:         4       0       0
      Locals:         0       0       0
      Temps:          2       0       0
      Totals:         6       0       0
Total ram usage:        6 bytes
 Hardware stack levels used:    1
 Hardware stack levels required when called:    3
 This function calls:
		_i2c_check_idle
 This function is called by:
		_lcd_command
		_lcd_puts
		_rtc_init
		_rtc_set_time
		_rtc_read_time
		_rtc_set_alarm
		_rtc_stop_alarm
		_lcd_putc
		_lcd_create_char
		_rtc_start_repeated_timer
		_rtc_stop_repeated_timer
		_rtc_clear_alarm
 This function uses a non-reentrant model


 *************** function _i2c_send *****************
 Defined at:
		line 143 in file "i2c.c"
 Parameters:    Size  Location     Type
  dt              1    wreg     unsigned char 
 Auto vars:     Size  Location     Type
  dt              1    4[COMMON] unsigned char 
 Return value:  Size  Location     Type
                  2   91[COMMON] int 
 Registers used:
		wreg, status,2, status,0, pclath, cstack
 Tracked objects:
		On entry : 
		On exit  : 
		Unchanged: 
 Data sizes:     COMMON   BANK0   BANK1
      Params:         0       0       0
      Locals:         1       0       0
      Temps:          0       0       0
      Totals:         1       0       0
Total ram usage:        1 bytes
 Hardware stack levels used:    1
 Hardware stack levels required when called:    3
 This function calls:
		_i2c_check_idle
 This function is called by:
		_lcd_command
		_lcd_puts
		_send_datetime
		_rtc_init
		_rtc_set_time
		_rtc_read_time
		_rtc_set_alarm
		_rtc_start_alarm
		_rtc_stop_alarm
		_lcd_putc
		_lcd_create_char
		_rtc_start_repeated_timer
		_rtc_stop_repeated_timer
		_rtc_clear_alarm
 This function uses a non-reentrant model


 *************** function _i2c_check_idle *****************
 Defined at:
		line 42 in file "i2c.c"
 Parameters:    Size  Location     Type
  mask            1    wreg     unsigned char 
 Auto vars:     Size  Location     Type
  mask            1    3[COMMON] unsigned char 
 Return value:  Size  Location     Type
		None               void
 Registers used:
		wreg, status,2, status,0
 Tracked objects:
		On entry : 
		On exit  : 
		Unchanged: 
 Data sizes:     COMMON   BANK0   BANK1
      Params:         0       0       0
      Locals:         1       0       0
      Temps:          1       0       0
      Totals:         2       0       0
Total ram usage:        2 bytes
 Hardware stack levels used:    1
 Hardware stack levels required when called:    2
 This function calls:
		Nothing
 This function is called by:
		_i2c_start
		_i2c_rstart
		_i2c_stop
		_i2c_send
		_i2c_receive
 This function uses a non-reentrant model


 *************** function _i2c_init_master *****************
 Defined at:
		line 71 in file "i2c.c"
 Parameters:    Size  Location     Type
		None
 Auto vars:     Size  Location     Type
		None
 Return value:  Size  Location     Type
		None               void
 Registers used:
		wreg
 Tracked objects:
		On entry : 
		On exit  : 
		Unchanged: 
 Data sizes:     COMMON   BANK0   BANK1
      Params:         0       0       0
      Locals:         0       0       0
      Temps:          0       0       0
      Totals:         0       0       0
Total ram usage:        0 bytes
 Hardware stack levels used:    1
 Hardware stack levels required when called:    2
 This function calls:
		Nothing
 This function is called by:
		_lcd_init
		_rtc_init
 This function uses a non-reentrant model


 *************** function _button_init *****************
 Defined at:
		line 65 in file "button.c"
 Parameters:    Size  Location     Type
  mask            1    wreg     unsigned char 
 Auto vars:     Size  Location     Type
  mask            1    3[COMMON] unsigned char 
 Return value:  Size  Location     Type
		None               void
 Registers used:
		wreg, status,2
 Tracked objects:
		On entry : 
		On exit  : 
		Unchanged: 
 Data sizes:     COMMON   BANK0   BANK1
      Params:         0       0       0
      Locals:         1       0       0
      Temps:          1       0       0
      Totals:         2       0       0
Total ram usage:        2 bytes
 Hardware stack levels used:    1
 Hardware stack levels required when called:    2
 This function calls:
		Nothing
 This function is called by:
		_init
 This function uses a non-reentrant model


 *************** function _interrupt_func *****************
 Defined at:
		line 141 in file "main.c"
 Parameters:    Size  Location     Type
		None
 Auto vars:     Size  Location     Type
		None
 Return value:  Size  Location     Type
		None               void
 Registers used:
		wreg, status,2, status,0, pclath, cstack
 Tracked objects:
		On entry : 
		On exit  : 
		Unchanged: 
 Data sizes:     COMMON   BANK0   BANK1
      Params:         0       0       0
      Locals:         0       0       0
      Temps:          1       0       0
      Totals:         1       0       0
Total ram usage:        1 bytes
 Hardware stack levels used:    1
 Hardware stack levels required when called:    1
 This function calls:
		_button_proc_every_timer_interrupt
		_i2c_interrupt
 This function is called by:
		Interrupt level 1
 This function uses a non-reentrant model


 *************** function _i2c_interrupt *****************
 Defined at:
		line 52 in file "i2c.c"
 Parameters:    Size  Location     Type
		None
 Auto vars:     Size  Location     Type
		None
 Return value:  Size  Location     Type
		None               void
 Registers used:
		wreg, status,2
 Tracked objects:
		On entry : 
		On exit  : 
		Unchanged: 
 Data sizes:     COMMON   BANK0   BANK1
      Params:         0       0       0
      Locals:         0       0       0
      Temps:          0       0       0
      Totals:         0       0       0
Total ram usage:        0 bytes
 Hardware stack levels used:    1
 This function calls:
		Nothing
 This function is called by:
		_interrupt_func
 This function uses a non-reentrant model


 *************** function _button_proc_every_timer_interrupt *****************
 Defined at:
		line 134 in file "button.c"
 Parameters:    Size  Location     Type
		None
 Auto vars:     Size  Location     Type
		None
 Return value:  Size  Location     Type
		None               void
 Registers used:
		wreg, status,2, status,0
 Tracked objects:
		On entry : 
		On exit  : 
		Unchanged: 
 Data sizes:     COMMON   BANK0   BANK1
      Params:         0       0       0
      Locals:         0       0       0
      Temps:          1       0       0
      Totals:         1       0       0
Total ram usage:        1 bytes
 Hardware stack levels used:    1
 This function calls:
		Nothing
 This function is called by:
		_interrupt_func
 This function uses a non-reentrant model



MODULE INFORMATION

Module		Function		Class		Link	Load	Size
i2c.c
		_i2c_start     		CODE           	05F7	0000	32
		_i2c_receive   		CODE           	0711	0000	22
		_i2c_check_idle		CODE           	01C6	0000	11
		_i2c_init_maste		CODE           	0788	0000	16
		_i2c_interrupt 		CODE           	0798	0000	15
		_i2c_rstart    		CODE           	05D7	0000	32
		_i2c_stop      		CODE           	01DD	0000	5
		_i2c_send      		CODE           	0764	0000	19

i2c.c estimated size: 152

button.c
		_button_proc_ev		CODE           	03CE	0000	59
		_button_proc_ev		CODE           	07D1	0000	14
		_button_init   		CODE           	07EC	0000	13

button.c estimated size: 86

rtc_8564nb.c
		_bin2bcd       		CODE           	047B	0000	56
		_rtc_start_alar		CODE           	06E5	0000	22
		_rtc_init      		CODE           	00BF	0000	130
		_send_datetime 		CODE           	05B7	0000	32
		_rtc_read_time 		CODE           	0271	0000	103
		_bcd2bin       		CODE           	0689	0000	24
		_rtc_stop_alarm		CODE           	0727	0000	21
		_delay_1000ms  		CODE           	07C3	0000	14
		_rtc_set_time  		CODE           	0409	0000	58
		_rtc_set_alarm 		CODE           	0389	0000	69
		_set_ctime     		CODE           	04B3	0000	50
		_rtc_time_to_st		CODE           	003B	0000	132

rtc_8564nb.c estimated size: 711

/Applications/microchip/xc8/v1.30/sources/common/bmul.c
		___bmul        		CODE           	0777	0000	17

/Applications/microchip/xc8/v1.30/sources/common/bmul.c estimated size: 17

shared
		__stringtab    		STRING         	0200	0000	1
		__stringdata   		STRING         	0241	0000	48
		rtc_read_time@m		STRING         	0201	0000	6
		set_alarm_time@		STRING         	0237	0000	10
		__initializatio		CODE           	0027	0000	18
		set_clock@clock		STRING         	0207	0000	48

shared estimated size: 131

lcd_aqm0802a.c
		_lcd_command   		CODE           	0595	0000	34
		_lcd_puts      		CODE           	04E5	0000	50
		_lcd_hide_curso		CODE           	01E5	0000	3
		_lcd_show_curso		CODE           	01BB	0000	11
		_lcd_set_cursor		CODE           	0751	0000	19
		_lcd_clear     		CODE           	07DF	0000	13
		_lcd_init      		CODE           	0544	0000	44

lcd_aqm0802a.c estimated size: 174

main.c
		_loop          		CODE           	0141	0000	122
		_init          		CODE           	0443	0000	56
		_display       		CODE           	066E	0000	27
		_set_clock     		CODE           	02D8	0000	98
		_show_clock    		CODE           	0617	0000	29
		_main          		CODE           	01E2	0000	3
		_show_cursor   		CODE           	07F9	0000	7
		_set_alarm_time		CODE           	033A	0000	79
		_show_alarm    		CODE           	0570	0000	37
		_press_proc_for		CODE           	07B5	0000	14
		_press_proc_for		CODE           	06CF	0000	22
		_choose_value  		CODE           	073C	0000	21
		_set_pon_time  		CODE           	0634	0000	29
		_interrupt_func		CODE           	0004	0000	34
		_show_pon_time 		CODE           	06A1	0000	23
		_make_pon_str  		CODE           	06B8	0000	23
		_make_alarm_str		CODE           	06FB	0000	22
		_set_use_alarm 		CODE           	0517	0000	45

main.c estimated size: 691

/Applications/microchip/xc8/v1.30/sources/common/wmul.c
		___wmul        		CODE           	0651	0000	29

/Applications/microchip/xc8/v1.30/sources/common/wmul.c estimated size: 29

